Noi comunistə italianə avevamo visto tutte le potenzialità positive della proposta greca di una moratoria di sei mesi nell'installazione dei missili.
ə insegnanti nella nursery schools in Scozia devono essere registratə presso il General Teaching Council Of Scotland e devono essere docenti abilitatə all'insegnamento nella scuola elementare.
L'ex capo di stato maggiore era unə cattolicə praticante.
Sono eccitatə per l'apertura del nuovo negozio.
La cosa non poteva funzionare, perché ə agricoltorə sono persone intelligenti, con molta esperienza.
Non sono così giovane, ma non sono nemmeno vecchiə.
Purtroppo, in questa regione, non è possibile acccogliere più di 5000 immigratə.
Anche ə agricoltorə naturalmente sono vittime dell'inflazione e non possono esserne tenutə fuori.
OK, fammi sapere cosa dice lə veterinariə, ma spero il tuo cane non abbia un problema serio.
Per fortuna, diverse fondazioni si sono adoperate per salvare ə bambinə soldato, e così moltə di loro sono riuscitə a iniziare una nuova vita.
miə cuginə gestisce un centro di equitazione proprio fuori città.
Ho sentito che lə professorə di matematica e fisica è australianə, ma se è vero non lo so.
Ho avuto un po' di vertigini quando mi sono svegliatə stamattina.
Non ho risposto alla chiamata dellə dottorə; forse ho fatto male.
Sì, quell'attorə è bravə ma anche antipaticə.
Siccome ho perso l’autobus, non sono arrivatə in tempo alla riunione.
Mi sono accortə solo adesso che è troppo tardi.
Moltə ragazzə giapponesi si sono ammalatə in quella zona del paese a causa dell'inquinamento.
Anche lə presidente salvadoregnə è sembratə preoccupatə per gli aspetti umani del conflitto.
In poche parole, non mi sono piaciutə.
Una tecnica che usavano a Guantanamo Bay era quella di sottoporre prigionierə indifesə al waterboarding.
Supporto alla formazione dellə nuovə coordinatorə di ammissione ospedaliera.
Non credevo di essere l'unicə a essere così indispettitə.
ə politicə non devono fissare il programma, ma devono eliminare ostacoli politici e giuridici che si oppongono alla realizzazione di un programma televisivo europeo.
Non riesco più a stare zittə.
Quantə non hanno mai guidato assonnatə?
Non compro mai fiori per ə miə amicə.
Dato che è un ristorante francese, hanno assunto unə cuocə francese.
Per le costruzioni moderne dovremmo rivolgerci aə architettə.
È risaputo che ə economistə, in realtà, non lo sono affatto.
Ho contattato lə venditorə per chiedere come mai l'articolo è difettoso.
Hanno riunito tuttə ə studenti laureatə per dar loro ufficialmente i loro diplomi.
lə nuovə insegnante è un po' sventatə.
Magari avessi potuto parlare con lə professorə prima dell'esame!
A lungo termine, ə cittadinə finiranno con lo spendere di più.
Apparentemente, lə vecchiə parrucchierə non era più in grado di tagliare i capelli.
Se lə dottorə avesse avuto tempo, ti avrebbe dato un appuntamento.
ə poverə imprenditorə africanə mi hanno detto che vogliono l'accesso ai mercati dei capitali per prendere in prestito denaro per comprare un trattore in modo che possano arare i campi e creare più ricchezza a livello locale, quindi diamo loro quella capacità e accesso al capitale.
In tempi incerti, l'investitorə vendeva buoni del tesoro.
Hanno accusato lə presidente di fare false affermazioni.
E come ho detto aə ambasciatorə, non ho problemi a dare le cifre della programmazione, ma se lo facessi, non sarebbe possibile continuare il negoziato.
Non essere troppo criticə verso ə altrə.
ə ricercatorə dicono che non c'erano problemi di sicurezza significativi con pimodivir, anche se alcunə pazienti hanno avuto diarrea e nausea.
Non mi hanno credutə quando ho detto che ero statə derubatə.
lə nostrə professorə di francese è statə investitə da una macchina ieri ma per fortuna non si è fattə male.
Ci sono altrə produttorə e utenti che hanno delle responsabilità.
lə maestrə rimproverò ə bambinə che avevano rotto il tabellone.
Sono contentə che tu abbia deciso di discutere del lavoro di quell'autorə; è davvero molto interessante.
Il cane di unə vicinə ha aggredito lə postinə.
Naturalmente, come hanno osservato diversə collegə, ə piccolə agricoltorə vanno certamente tutelatə.
Altrimenti ə turistə finiranno per privare ə abitanti dei già tanto scarsi posti disponibili sui voli verso la terraferma.
D'altra parte, lə professorə aveva già detto allə direttorə che quattro corsi erano un po' troppo.
lə segretariə ha chiamato lə manager per sapere chi esattamente doveva ricevere quell'email.
lə studente era andatə a trovare dellə parenti in Alabama e non è più tornatə.
A lamentarsi della spazzatura sui marciapiedi non sono solo ə turistə ma anche ə residenti.
Se si consulta unə dottorə prima del ricovero, quest'ultimə può individuare l'istituto o il servizio adatto ai bisogni dellə paziente, tenendo conto della qualità delle cure.
Non mi ero accortə che mi avevano vistə.
Hanno licenziato lə cuginə di unə miə amicə che lavorava in una banca prestigiosa.
A questo proposito, ə sviluppatorə sono sempre statə alla ricerca di partner notə per espandere la loro offerta a livello globale.
lə pigrə inquilinə dormiva fino a mezzogiorno, ma non lasciava dormire ə altrə durante le calde notti estive.
Inoltre, l'aumento del volume di passeggerə dimostra sufficientemente che ə nostrə cittadinə hanno accolto con grande favore questo tipo di iniziative.
unə venditorə di calcestruzzo ha donato i materiali e ha persino inviato due <PARTS> suə dipendenti ad aiutare.
lə giudice ha ritenuto che l'imputatə non avesse prodotto sufficienti elementi di prova tali da giustificare l'applicazione dell'articolo 85.
Tuttə ə attorə volevano lavorare con quellə regista per qualche motivo.
Hanno detto allə miə amicə che avevano inviato l'ordine; il problema è che l'hanno inviato allə cliente sbagliatə.
Se hai un soffio al cuore, lə tuə dottorə potrebbe consigliarti di visitare unə cardiologə.
lə postinə ha detto allə miə vicinə che domani la posta non sarà consegnata.
Nonostante fosse statə confortatə daə collegə, l'infermierə ha preso male il licenziamento.
La storia ci insegna che ə rappresentanti del popolo non conseguivano il potere col sotterfugio ma sottraendolo a quellə che lo detenevano.
Non sono mai riuscitə a trovare lə ladrə che mi ha rubato la macchina.
Spesso ə sviluppatorə o ə amministratorə di database creano indici su una tabella che pensano sarà utilizzata da Query Optimizer durante l'esecuzione di una query.
lə miə vicinə mi ha detto che avrei dovuto parlare meno con lə custode.
lə mentore innamoratə dellə suə timidə allievə non riusciva a non pensare al loro futuro insieme.
lə studente ha chiesto allə professorə quale fosse la differenza tra i suffissi "-ità" e "ismo".
Moltə agricoltorə, per non parlare deə operatorə dei macelli e delle aziende di carne, stanno affrontando la rovina.
Non lasciare mai che ə altrə ti condizionino! Sii forte e determinatə!
Di conseguenza, lə querelante può portare l'accusatə in tribunale sia nel paese in cui il danno si è verificato sia nel luogo in cui l'evento che ne è la causa si è prodotto.
lə proprietariə terrierə maltrattava ə contadinə e questo causò molti problemi a lungo termine.
Moltə turistə si sono lamentatə dellə proprietariə di quell'albergo.
lə barista dice: "Nessun costo per te, bellə!"
Alcunə giovani mi sembrano più vecchiə di certə artistə mortə molti secoli fa.
Sono molto contentə di abitare in complesso residenziale… ə impiegatə sono premurosə e le aree comuni sono pulite e ə vicinə sono riservatə e non danno fastidio a nessunə...
Oggi, più di 100 scienziatə, studenti e volontariə conducono un'instancabile campagna di sensibilizzazione scientifica volta a riconciliare gli interessi dell'ecologia con quelli dell'economia.
Chiedo poi aə rappresentanti di alzarsi, in modo che ə funzionariə possano stabilire esattamente quantə siano ə presenti in questo momento.
Mi sono assicuratə che ə bambinə fossero accuditə e che ə miə simpaticə aiutanti avessero cibo e bevande a loro disposizione.
Soltanto ə giornalistə possono trovare un equilibrio tra gli interessi economici e personali di quantə investono nei mezzi di informazione e l'obbligo di informare ə cittadinə.
Stai attentə, sii guardingə! Guardati le spalle daə amicə e daə nemicə!
lə direttorə ha voluto parlare sia con lə professorə sia con ə studenti.
lə loro editorə conosceva unə miə amicə e così sono statə assuntə.
ə partecipanti devono indirizzare qualsiasi preoccupazione direttamente all'amministratorə o allə webmaster di tale sito esterno.
Se ə difensorə della dottrina neoliberale avessero ascoltato gli avvertimenti deə socialistə, adesso non saremmo immersə in questa crisi.
Perché ciò avvenga sarebbe necessario che ə collegə, che hanno presentato l'emendamento all'articolo 10, quello sullə coniuge e lə suə partner, non partecipassero a questa votazione.
Per favore contatta sia lə governatorə sia lə sindacə e di' loro che lə presidente vuole parlare con loro.
L'autista preoccupatə ci ha portatə da unə bravə meccanicə che ha risolto immediatamente il problema, ad un prezzo molto ragionevole.
ə espertə dicono che potrebbe essere che in futuro ə riccə diventeranno più riccə e ə poverə più poverə.
Ora, se verranno dichiaratə colpevoli, sarà necessario determinare se devono essere condannatə da minori o da adultə.
lə partner di unə miə amicə ci ha invitatə a cena.
Noi professorə sappiamo bene che a volte ə studenti si fanno scrivere i saggi da altrə.
Sono gratə allə miə amicə, che l'ha condiviso con me e mi ha dimostrato che unə verə amicə condivide le verità del vangelo.
lə miə amicə era in ritardo e così ho finito per fare amicizia con ə abitanti del posto mentre ero sedutə a bere una birra.
